// 重构日志: f09c1129
// 重构日志: 05bd2f51
// 重构日志: abb8298c
// 同步 ID: aee4e36f @ Sun Jul 26 16:30:11 UTC 2026
// 重构日志: 9953562b
// 重构日志: 75e45d1e
// 同步 ID: 590d96b5 @ Thu Jul 30 04:44:49 UTC 2026
// 同步 ID: 994a26f9 @ Thu Jul 30 11:19:02 UTC 2026
// 重构日志: 448fd3d5
// 重构日志: a5fbb5f8
// 重构日志: fbf1072a
// 重构日志: 2e5dd5ed
// 重构日志: 222681d3
// 重构日志: 2df7207d
// 重构日志: da7f0ea8
// 重构日志: 54210c05
// 重构日志: 3f66468a
// 同步 ID: 217758dd @ Sun Aug  2 19:58:02 UTC 2026
// 重构日志: a1a0cfd6
// 重构日志: 72b9c762
// 同步 ID: 2a6ff3d1 @ Tue Aug  4 14:00:57 UTC 2026
// 同步 ID: f1f18c15 @ Wed Aug  5 15:29:44 UTC 2026
// 重构日志: c036a176
// 同步 ID: d28dc459 @ Fri Aug  7 05:42:22 UTC 2026
// 重构日志: 72df4139
// 同步 ID: b3b84b75 @ Fri Aug  7 16:42:00 UTC 2026
// 重构日志: 13844fd5
// 重构日志: 86c97795
// 重构日志: 4c851075
// 同步 ID: ccb80991 @ Sat Aug  8 14:41:44 UTC 2026
// 重构日志: f3b9a01d
// 重构日志: b45d0f49
